2026-07-31 05:31:40,577 ERROR frappe New Exception collected in error log
Site: program
Form Dict: {'doc': '{"docstatus":0,"doctype":"C doc","name":"new-c-doc-yanjqtkpuy","__islocal":1,"__unsaved":1,"owner":"Administrator","a_and_n":[],"list_all_info":[],"child_name":"sjns","parent1":"f46odo6cs9","parent_full_name":"f"}', 'action': 'Save', 'cmd': 'frappe.desk.form.save.savedocs'}
2026-07-31 05:32:52,417 ERROR frappe New Exception collected in error log
Site: program
Form Dict: {'doctype': 'C doc', 'with_parent': '1', 'cached_timestamp': '', 'cmd': 'frappe.desk.form.load.getdoctype'}
2026-07-31 05:33:04,383 ERROR frappe New Exception collected in error log
Site: program
Form Dict: {'doctype': 'C doc', 'with_parent': '1', 'cached_timestamp': '', 'cmd': 'frappe.desk.form.load.getdoctype'}
2026-07-31 05:35:46,938 ERROR frappe New Exception collected in error log
Site: program
Form Dict: {'doc': '{"name":"1egta1orq2","owner":"Administrator","creation":"2026-07-30 15:57:07.256611","modified":"2026-07-30 15:57:07.256611","modified_by":"Administrator","docstatus":0,"idx":0,"child_name":"kaie","parent1":"9mmi0mjmm1","parent_age":0,"doctype":"C doc","a_and_n":[],"list_all_info":[{"name":"1egvl010gp","owner":"Administrator","creation":"2026-07-30 15:57:07.256611","modified":"2026-07-30 15:57:07.256611","modified_by":"Administrator","docstatus":0,"idx":1,"age":0,"enable":0,"parent":"1egta1orq2","parentfield":"list_all_info","parenttype":"C doc","doctype":"c p list"}],"__last_sync_on":"2026-07-31T05:35:40.908Z","__unsaved":1}', 'action': 'Save', 'cmd': 'frappe.desk.form.save.savedocs'}
2026-07-31 05:37:43,372 ERROR frappe New Exception collected in error log
Site: program
Form Dict: {'doc': '{"name":"1egta1orq2","owner":"Administrator","creation":"2026-07-30 15:57:07.256611","modified":"2026-07-30 15:57:07.256611","modified_by":"Administrator","docstatus":0,"idx":0,"child_name":"kai n","parent1":"9mmi0mjmm1","parent_age":0,"doctype":"C doc","list_all_info":[{"name":"1egvl010gp","owner":"Administrator","creation":"2026-07-30 15:57:07.256611","modified":"2026-07-30 15:57:07.256611","modified_by":"Administrator","docstatus":0,"idx":1,"age":0,"enable":0,"parent":"1egta1orq2","parentfield":"list_all_info","parenttype":"C doc","doctype":"c p list"}],"a_and_n":[],"__last_sync_on":"2026-07-31T05:37:36.418Z","__unsaved":1}', 'action': 'Save', 'cmd': 'frappe.desk.form.save.savedocs'}
2026-07-31 05:38:03,000 ERROR frappe New Exception collected in error log
Site: program
Form Dict: {'doc': '{"name":"1egta1orq2","owner":"Administrator","creation":"2026-07-30 15:57:07.256611","modified":"2026-07-30 15:57:07.256611","modified_by":"Administrator","docstatus":0,"idx":0,"child_name":"kai n","parent1":"9mmi0mjmm1","parent_age":0,"doctype":"C doc","list_all_info":[{"name":"1egvl010gp","owner":"Administrator","creation":"2026-07-30 15:57:07.256611","modified":"2026-07-30 15:57:07.256611","modified_by":"Administrator","docstatus":0,"idx":1,"age":0,"enable":0,"parent":"1egta1orq2","parentfield":"list_all_info","parenttype":"C doc","doctype":"c p list"}],"a_and_n":[],"__last_sync_on":"2026-07-31T05:37:36.418Z","__unsaved":1}', 'action': 'Save', 'cmd': 'frappe.desk.form.save.savedocs'}
2026-07-31 05:38:07,493 ERROR frappe New Exception collected in error log
Site: program
Form Dict: {'doc': '{"name":"1egta1orq2","owner":"Administrator","creation":"2026-07-30 15:57:07.256611","modified":"2026-07-30 15:57:07.256611","modified_by":"Administrator","docstatus":0,"idx":0,"child_name":"kaif","parent1":"9mmi0mjmm1","parent_age":0,"doctype":"C doc","a_and_n":[],"list_all_info":[{"name":"1egvl010gp","owner":"Administrator","creation":"2026-07-30 15:57:07.256611","modified":"2026-07-30 15:57:07.256611","modified_by":"Administrator","docstatus":0,"idx":1,"age":0,"enable":0,"parent":"1egta1orq2","parentfield":"list_all_info","parenttype":"C doc","doctype":"c p list"}],"__last_sync_on":"2026-07-31T05:38:04.293Z","__unsaved":1}', 'action': 'Save', 'cmd': 'frappe.desk.form.save.savedocs'}
2026-07-31 05:56:29,039 ERROR frappe New Exception collected in error log
Site: program
Form Dict: {'doc': '{"name":"1egta1orq2","owner":"Administrator","creation":"2026-07-30 15:57:07.256611","modified":"2026-07-31 11:17:07.973347","modified_by":"Administrator","docstatus":0,"idx":0,"child_name":"kaifqrffr","parent1":"9mmi0mjmm1","parent_full_name":"eg","parent_age":0,"doctype":"C doc","a_and_n":[],"list_all_info":[{"name":"1egvl010gp","owner":"Administrator","creation":"2026-07-30 15:57:07.256611","modified":"2026-07-31 11:17:07.973347","modified_by":"Administrator","docstatus":0,"idx":1,"age":0,"enable":0,"parent":"1egta1orq2","parentfield":"list_all_info","parenttype":"C doc","doctype":"c p list"}],"__last_sync_on":"2026-07-31T05:56:22.470Z","__unsaved":1}', 'action': 'Save', 'cmd': 'frappe.desk.form.save.savedocs'}
2026-07-31 05:56:55,331 ERROR frappe New Exception collected in error log
Site: program
Form Dict: {'doc': '{"name":"1egta1orq2","owner":"Administrator","creation":"2026-07-30 15:57:07.256611","modified":"2026-07-31 11:17:07.973347","modified_by":"Administrator","docstatus":0,"idx":0,"child_name":"kaifqrffe","parent1":"9mmi0mjmm1","parent_full_name":"eg","parent_age":0,"doctype":"C doc","a_and_n":[],"list_all_info":[{"name":"1egvl010gp","owner":"Administrator","creation":"2026-07-30 15:57:07.256611","modified":"2026-07-31 11:17:07.973347","modified_by":"Administrator","docstatus":0,"idx":1,"age":0,"enable":0,"parent":"1egta1orq2","parentfield":"list_all_info","parenttype":"C doc","doctype":"c p list"}],"__last_sync_on":"2026-07-31T05:56:53.338Z","__unsaved":1}', 'action': 'Save', 'cmd': 'frappe.desk.form.save.savedocs'}
