2026-07-30 07:08:28,229 Worker rq:worker:e6137583f4b34292a5e76fb3ba447f0e started with PID 2146, version 1.15.1
2026-07-30 07:08:28,229 Subscribing to channel rq:pubsub:e6137583f4b34292a5e76fb3ba447f0e
2026-07-30 07:08:28,230 *** Listening on home-kailai-demo:short, home-kailai-demo:default, home-kailai-demo:long...
2026-07-30 07:08:28,230 Cleaning registries for queue: home-kailai-demo:short
2026-07-30 07:08:28,231 Cleaning registries for queue: home-kailai-demo:default
2026-07-30 07:08:28,233 Cleaning registries for queue: home-kailai-demo:long
2026-07-30 07:08:50,077 Worker e6137583f4b34292a5e76fb3ba447f0e [PID 2146]: warm shut down requested
2026-07-30 07:08:50,078 Unsubscribing from channel rq:pubsub:e6137583f4b34292a5e76fb3ba447f0e
2026-07-30 07:09:30,243 Worker rq:worker:a1d6371349b2424c8ae388327bf2a7e1 started with PID 2283, version 1.15.1
2026-07-30 07:09:30,243 Subscribing to channel rq:pubsub:a1d6371349b2424c8ae388327bf2a7e1
2026-07-30 07:09:30,250 *** Listening on home-kailai-demo:short, home-kailai-demo:default, home-kailai-demo:long...
2026-07-30 07:09:52,617 Worker a1d6371349b2424c8ae388327bf2a7e1 [PID 2283]: warm shut down requested
2026-07-30 07:09:52,619 Unsubscribing from channel rq:pubsub:a1d6371349b2424c8ae388327bf2a7e1
2026-07-30 07:11:56,856 Worker rq:worker:ac8934277c874e59bcc718521bb29fde started with PID 2462, version 1.15.1
2026-07-30 07:11:56,856 Subscribing to channel rq:pubsub:ac8934277c874e59bcc718521bb29fde
2026-07-30 07:11:56,857 *** Listening on home-kailai-demo:short, home-kailai-demo:default, home-kailai-demo:long...
2026-07-30 07:12:59,439 home-kailai-demo:default: frappe.utils.background_jobs.execute_job(event=None, is_async=True, job_name='frappe.core.doctype.scheduled_job_type.scheduled_job_type.run_scheduled_jo..., kwargs={'job_type': 'frappe.email.doctype.email_account.email_account.pull'}, method='frappe.core.doctype.scheduled_job_type.scheduled_job_type.run_scheduled_jo..., site='program', user='Administrator') (program::scheduled_job::frappe.email.doctype.email_account.email_account.pull)
2026-07-30 07:12:59,873 home-kailai-demo:default: Job OK (program::scheduled_job::frappe.email.doctype.email_account.email_account.pull)
2026-07-30 07:12:59,874 Result is kept for 600 seconds
2026-07-30 07:12:59,880 home-kailai-demo:default: frappe.utils.background_jobs.execute_job(event=None, is_async=True, job_name='frappe.core.doctype.scheduled_job_type.scheduled_job_type.run_scheduled_jo..., kwargs={'job_type': 'frappe.email.queue.retry_sending_emails'}, method='frappe.core.doctype.scheduled_job_type.scheduled_job_type.run_scheduled_jo..., site='program', user='Administrator') (program::scheduled_job::frappe.email.queue.retry_sending_emails)
2026-07-30 07:13:00,314 home-kailai-demo:default: Job OK (program::scheduled_job::frappe.email.queue.retry_sending_emails)
2026-07-30 07:13:00,314 Result is kept for 600 seconds
2026-07-30 07:13:00,319 home-kailai-demo:default: frappe.utils.background_jobs.execute_job(event=None, is_async=True, job_name='frappe.core.doctype.scheduled_job_type.scheduled_job_type.run_scheduled_jo..., kwargs={'job_type': 'frappe.email.queue.flush'}, method='frappe.core.doctype.scheduled_job_type.scheduled_job_type.run_scheduled_jo..., site='program', user='Administrator') (program::scheduled_job::frappe.email.queue.flush)
2026-07-30 07:13:00,716 home-kailai-demo:default: Job OK (program::scheduled_job::frappe.email.queue.flush)
2026-07-30 07:13:00,716 Result is kept for 600 seconds
2026-07-30 07:13:00,721 home-kailai-demo:default: frappe.utils.background_jobs.execute_job(event=None, is_async=True, job_name='frappe.core.doctype.scheduled_job_type.scheduled_job_type.run_scheduled_jo..., kwargs={'job_type': 'frappe.integrations.doctype.google_calendar.google_calendar.s..., method='frappe.core.doctype.scheduled_job_type.scheduled_job_type.run_scheduled_jo..., site='program', user='Administrator') (program::scheduled_job::frappe.integrations.doctype.google_calendar.google_calendar.sync)
2026-07-30 07:13:01,293 home-kailai-demo:default: Job OK (program::scheduled_job::frappe.integrations.doctype.google_calendar.google_calendar.sync)
2026-07-30 07:13:01,294 Result is kept for 600 seconds
2026-07-30 07:13:01,300 home-kailai-demo:default: frappe.utils.background_jobs.execute_job(event=None, is_async=True, job_name='frappe.core.doctype.scheduled_job_type.scheduled_job_type.run_scheduled_jo..., kwargs={'job_type': 'frappe.monitor.flush'}, method='frappe.core.doctype.scheduled_job_type.scheduled_job_type.run_scheduled_jo..., site='program', user='Administrator') (program::scheduled_job::frappe.monitor.flush)
2026-07-30 07:13:01,607 home-kailai-demo:default: Job OK (program::scheduled_job::frappe.monitor.flush)
2026-07-30 07:13:01,607 Result is kept for 600 seconds
2026-07-30 07:14:01,415 home-kailai-demo:default: frappe.utils.background_jobs.execute_job(event=None, is_async=True, job_name='frappe.core.doctype.scheduled_job_type.scheduled_job_type.run_scheduled_jo..., kwargs={'job_type': 'frappe.integrations.doctype.google_calendar.google_calendar.s..., method='frappe.core.doctype.scheduled_job_type.scheduled_job_type.run_scheduled_jo..., site='program', user='Administrator') (program::scheduled_job::frappe.integrations.doctype.google_calendar.google_calendar.sync)
2026-07-30 07:14:01,871 home-kailai-demo:default: Job OK (program::scheduled_job::frappe.integrations.doctype.google_calendar.google_calendar.sync)
2026-07-30 07:14:01,871 Result is kept for 600 seconds
2026-07-30 07:14:01,876 home-kailai-demo:default: frappe.utils.background_jobs.execute_job(event=None, is_async=True, job_name='frappe.core.doctype.scheduled_job_type.scheduled_job_type.run_scheduled_jo..., kwargs={'job_type': 'frappe.email.queue.flush'}, method='frappe.core.doctype.scheduled_job_type.scheduled_job_type.run_scheduled_jo..., site='program', user='Administrator') (program::scheduled_job::frappe.email.queue.flush)
2026-07-30 07:14:02,288 home-kailai-demo:default: Job OK (program::scheduled_job::frappe.email.queue.flush)
2026-07-30 07:14:02,288 Result is kept for 600 seconds
2026-07-30 07:14:02,293 home-kailai-demo:default: frappe.utils.background_jobs.execute_job(event=None, is_async=True, job_name='frappe.core.doctype.scheduled_job_type.scheduled_job_type.run_scheduled_jo..., kwargs={'job_type': 'frappe.monitor.flush'}, method='frappe.core.doctype.scheduled_job_type.scheduled_job_type.run_scheduled_jo..., site='program', user='Administrator') (program::scheduled_job::frappe.monitor.flush)
2026-07-30 07:14:02,582 home-kailai-demo:default: Job OK (program::scheduled_job::frappe.monitor.flush)
2026-07-30 07:14:02,583 Result is kept for 600 seconds
2026-07-30 07:14:02,587 home-kailai-demo:default: frappe.utils.background_jobs.execute_job(event=None, is_async=True, job_name='frappe.core.doctype.scheduled_job_type.scheduled_job_type.run_scheduled_jo..., kwargs={'job_type': 'frappe.email.queue.retry_sending_emails'}, method='frappe.core.doctype.scheduled_job_type.scheduled_job_type.run_scheduled_jo..., site='program', user='Administrator') (program::scheduled_job::frappe.email.queue.retry_sending_emails)
2026-07-30 07:14:03,021 home-kailai-demo:default: Job OK (program::scheduled_job::frappe.email.queue.retry_sending_emails)
2026-07-30 07:14:03,021 Result is kept for 600 seconds
2026-07-30 07:15:03,443 home-kailai-demo:default: frappe.utils.background_jobs.execute_job(event=None, is_async=True, job_name='frappe.core.doctype.scheduled_job_type.scheduled_job_type.run_scheduled_jo..., kwargs={'job_type': 'frappe.email.doctype.email_account.email_account.notify_unrep..., method='frappe.core.doctype.scheduled_job_type.scheduled_job_type.run_scheduled_jo..., site='program', user='Administrator') (program::scheduled_job::frappe.email.doctype.email_account.email_account.notify_unreplied)
2026-07-30 07:15:03,809 home-kailai-demo:default: Job OK (program::scheduled_job::frappe.email.doctype.email_account.email_account.notify_unreplied)
2026-07-30 07:15:03,809 Result is kept for 600 seconds
2026-07-30 07:15:03,814 home-kailai-demo:default: frappe.utils.background_jobs.execute_job(event=None, is_async=True, job_name='frappe.core.doctype.scheduled_job_type.scheduled_job_type.run_scheduled_jo..., kwargs={'job_type': 'frappe.automation.doctype.reminder.reminder.send_reminders'}, method='frappe.core.doctype.scheduled_job_type.scheduled_job_type.run_scheduled_jo..., site='program', user='Administrator') (program::scheduled_job::frappe.automation.doctype.reminder.reminder.send_reminders)
2026-07-30 07:15:04,170 home-kailai-demo:default: Job OK (program::scheduled_job::frappe.automation.doctype.reminder.reminder.send_reminders)
2026-07-30 07:15:04,171 Result is kept for 600 seconds
2026-07-30 07:15:04,175 home-kailai-demo:default: frappe.utils.background_jobs.execute_job(event=None, is_async=True, job_name='frappe.core.doctype.scheduled_job_type.scheduled_job_type.run_scheduled_jo..., kwargs={'job_type': 'frappe.deferred_insert.save_to_db'}, method='frappe.core.doctype.scheduled_job_type.scheduled_job_type.run_scheduled_jo..., site='program', user='Administrator') (program::scheduled_job::frappe.deferred_insert.save_to_db)
2026-07-30 07:15:04,542 home-kailai-demo:default: Job OK (program::scheduled_job::frappe.deferred_insert.save_to_db)
2026-07-30 07:15:04,542 Result is kept for 600 seconds
2026-07-30 07:15:04,547 home-kailai-demo:default: frappe.utils.background_jobs.execute_job(event=None, is_async=True, job_name='frappe.core.doctype.scheduled_job_type.scheduled_job_type.run_scheduled_jo..., kwargs={'job_type': 'frappe.search.sqlite_search.build_index_if_not_exists'}, method='frappe.core.doctype.scheduled_job_type.scheduled_job_type.run_scheduled_jo..., site='program', user='Administrator') (program::scheduled_job::frappe.search.sqlite_search.build_index_if_not_exists)
2026-07-30 07:15:04,872 home-kailai-demo:default: Job OK (program::scheduled_job::frappe.search.sqlite_search.build_index_if_not_exists)
2026-07-30 07:15:04,872 Result is kept for 600 seconds
2026-07-30 07:15:04,877 home-kailai-demo:default: frappe.utils.background_jobs.execute_job(event=None, is_async=True, job_name='frappe.core.doctype.scheduled_job_type.scheduled_job_type.run_scheduled_jo..., kwargs={'job_type': 'frappe.model.utils.link_count.update_link_count'}, method='frappe.core.doctype.scheduled_job_type.scheduled_job_type.run_scheduled_jo..., site='program', user='Administrator') (program::scheduled_job::frappe.model.utils.link_count.update_link_count)
2026-07-30 07:15:05,231 home-kailai-demo:default: Job OK (program::scheduled_job::frappe.model.utils.link_count.update_link_count)
2026-07-30 07:15:05,231 Result is kept for 600 seconds
2026-07-30 07:15:05,236 home-kailai-demo:default: frappe.utils.background_jobs.execute_job(event=None, is_async=True, job_name='frappe.core.doctype.scheduled_job_type.scheduled_job_type.run_scheduled_jo..., kwargs={'job_type': 'frappe.utils.telemetry.pulse.client.send_queued_events'}, method='frappe.core.doctype.scheduled_job_type.scheduled_job_type.run_scheduled_jo..., site='program', user='Administrator') (program::scheduled_job::frappe.utils.telemetry.pulse.client.send_queued_events)
2026-07-30 07:15:05,571 home-kailai-demo:default: Job OK (program::scheduled_job::frappe.utils.telemetry.pulse.client.send_queued_events)
2026-07-30 07:15:05,571 Result is kept for 600 seconds
2026-07-30 07:15:05,576 home-kailai-demo:default: frappe.utils.background_jobs.execute_job(event=None, is_async=True, job_name='frappe.core.doctype.scheduled_job_type.scheduled_job_type.run_scheduled_jo..., kwargs={'job_type': 'frappe.utils.global_search.sync_global_search'}, method='frappe.core.doctype.scheduled_job_type.scheduled_job_type.run_scheduled_jo..., site='program', user='Administrator') (program::scheduled_job::frappe.utils.global_search.sync_global_search)
2026-07-30 07:15:05,912 home-kailai-demo:default: Job OK (program::scheduled_job::frappe.utils.global_search.sync_global_search)
2026-07-30 07:15:05,912 Result is kept for 600 seconds
2026-07-30 07:18:07,880 home-kailai-demo:default: frappe.utils.background_jobs.execute_job(event=None, is_async=True, job_name='frappe.core.doctype.scheduled_job_type.scheduled_job_type.run_scheduled_jo..., kwargs={'job_type': 'frappe.email.queue.retry_sending_emails'}, method='frappe.core.doctype.scheduled_job_type.scheduled_job_type.run_scheduled_jo..., site='program', user='Administrator') (program::scheduled_job::frappe.email.queue.retry_sending_emails)
2026-07-30 07:18:08,293 home-kailai-demo:default: Job OK (program::scheduled_job::frappe.email.queue.retry_sending_emails)
2026-07-30 07:18:08,293 Result is kept for 600 seconds
2026-07-30 07:18:08,299 home-kailai-demo:default: frappe.utils.background_jobs.execute_job(event=None, is_async=True, job_name='frappe.core.doctype.scheduled_job_type.scheduled_job_type.run_scheduled_jo..., kwargs={'job_type': 'frappe.monitor.flush'}, method='frappe.core.doctype.scheduled_job_type.scheduled_job_type.run_scheduled_jo..., site='program', user='Administrator') (program::scheduled_job::frappe.monitor.flush)
2026-07-30 07:18:08,592 home-kailai-demo:default: Job OK (program::scheduled_job::frappe.monitor.flush)
2026-07-30 07:18:08,592 Result is kept for 600 seconds
2026-07-30 07:18:08,596 home-kailai-demo:default: frappe.utils.background_jobs.execute_job(event=None, is_async=True, job_name='frappe.core.doctype.scheduled_job_type.scheduled_job_type.run_scheduled_jo..., kwargs={'job_type': 'frappe.email.queue.flush'}, method='frappe.core.doctype.scheduled_job_type.scheduled_job_type.run_scheduled_jo..., site='program', user='Administrator') (program::scheduled_job::frappe.email.queue.flush)
2026-07-30 07:18:09,815 home-kailai-demo:default: Job OK (program::scheduled_job::frappe.email.queue.flush)
2026-07-30 07:18:09,816 Result is kept for 600 seconds
2026-07-30 07:18:09,821 home-kailai-demo:default: frappe.utils.background_jobs.execute_job(event=None, is_async=True, job_name='frappe.core.doctype.scheduled_job_type.scheduled_job_type.run_scheduled_jo..., kwargs={'job_type': 'frappe.integrations.doctype.google_calendar.google_calendar.s..., method='frappe.core.doctype.scheduled_job_type.scheduled_job_type.run_scheduled_jo..., site='program', user='Administrator') (program::scheduled_job::frappe.integrations.doctype.google_calendar.google_calendar.sync)
2026-07-30 07:18:10,259 home-kailai-demo:default: Job OK (program::scheduled_job::frappe.integrations.doctype.google_calendar.google_calendar.sync)
2026-07-30 07:18:10,259 Result is kept for 600 seconds
2026-07-30 07:20:11,660 home-kailai-demo:default: frappe.utils.background_jobs.execute_job(event=None, is_async=True, job_name='frappe.core.doctype.scheduled_job_type.scheduled_job_type.run_scheduled_jo..., kwargs={'job_type': 'frappe.email.doctype.email_account.email_account.pull'}, method='frappe.core.doctype.scheduled_job_type.scheduled_job_type.run_scheduled_jo..., site='program', user='Administrator') (program::scheduled_job::frappe.email.doctype.email_account.email_account.pull)
2026-07-30 07:20:12,279 home-kailai-demo:default: Job OK (program::scheduled_job::frappe.email.doctype.email_account.email_account.pull)
2026-07-30 07:20:12,280 Result is kept for 600 seconds
2026-07-30 07:22:15,495 home-kailai-demo:default: frappe.utils.background_jobs.execute_job(event=None, is_async=True, job_name='frappe.core.doctype.scheduled_job_type.scheduled_job_type.run_scheduled_jo..., kwargs={'job_type': 'frappe.monitor.flush'}, method='frappe.core.doctype.scheduled_job_type.scheduled_job_type.run_scheduled_jo..., site='program', user='Administrator') (program::scheduled_job::frappe.monitor.flush)
2026-07-30 07:22:15,776 home-kailai-demo:default: Job OK (program::scheduled_job::frappe.monitor.flush)
2026-07-30 07:22:15,776 Result is kept for 600 seconds
2026-07-30 07:22:15,781 home-kailai-demo:default: frappe.utils.background_jobs.execute_job(event=None, is_async=True, job_name='frappe.core.doctype.scheduled_job_type.scheduled_job_type.run_scheduled_jo..., kwargs={'job_type': 'frappe.email.queue.retry_sending_emails'}, method='frappe.core.doctype.scheduled_job_type.scheduled_job_type.run_scheduled_jo..., site='program', user='Administrator') (program::scheduled_job::frappe.email.queue.retry_sending_emails)
2026-07-30 07:22:16,376 home-kailai-demo:default: Job OK (program::scheduled_job::frappe.email.queue.retry_sending_emails)
2026-07-30 07:22:16,377 Result is kept for 600 seconds
2026-07-30 07:22:16,384 home-kailai-demo:default: frappe.utils.background_jobs.execute_job(event=None, is_async=True, job_name='frappe.core.doctype.scheduled_job_type.scheduled_job_type.run_scheduled_jo..., kwargs={'job_type': 'frappe.email.queue.flush'}, method='frappe.core.doctype.scheduled_job_type.scheduled_job_type.run_scheduled_jo..., site='program', user='Administrator') (program::scheduled_job::frappe.email.queue.flush)
2026-07-30 07:22:16,820 home-kailai-demo:default: Job OK (program::scheduled_job::frappe.email.queue.flush)
2026-07-30 07:22:16,820 Result is kept for 600 seconds
2026-07-30 07:22:16,825 home-kailai-demo:default: frappe.utils.background_jobs.execute_job(event=None, is_async=True, job_name='frappe.core.doctype.scheduled_job_type.scheduled_job_type.run_scheduled_jo..., kwargs={'job_type': 'frappe.integrations.doctype.google_calendar.google_calendar.s..., method='frappe.core.doctype.scheduled_job_type.scheduled_job_type.run_scheduled_jo..., site='program', user='Administrator') (program::scheduled_job::frappe.integrations.doctype.google_calendar.google_calendar.sync)
2026-07-30 07:22:17,377 home-kailai-demo:default: Job OK (program::scheduled_job::frappe.integrations.doctype.google_calendar.google_calendar.sync)
2026-07-30 07:22:17,377 Result is kept for 600 seconds
2026-07-30 07:26:22,865 home-kailai-demo:default: frappe.utils.background_jobs.execute_job(event=None, is_async=True, job_name='frappe.core.doctype.scheduled_job_type.scheduled_job_type.run_scheduled_jo..., kwargs={'job_type': 'frappe.integrations.doctype.google_calendar.google_calendar.s..., method='frappe.core.doctype.scheduled_job_type.scheduled_job_type.run_scheduled_jo..., site='program', user='Administrator') (program::scheduled_job::frappe.integrations.doctype.google_calendar.google_calendar.sync)
2026-07-30 07:26:23,599 home-kailai-demo:default: Job OK (program::scheduled_job::frappe.integrations.doctype.google_calendar.google_calendar.sync)
2026-07-30 07:26:23,599 Result is kept for 600 seconds
2026-07-30 07:26:23,604 home-kailai-demo:default: frappe.utils.background_jobs.execute_job(event=None, is_async=True, job_name='frappe.core.doctype.scheduled_job_type.scheduled_job_type.run_scheduled_jo..., kwargs={'job_type': 'frappe.email.queue.flush'}, method='frappe.core.doctype.scheduled_job_type.scheduled_job_type.run_scheduled_jo..., site='program', user='Administrator') (program::scheduled_job::frappe.email.queue.flush)
2026-07-30 07:26:24,073 home-kailai-demo:default: Job OK (program::scheduled_job::frappe.email.queue.flush)
2026-07-30 07:26:24,073 Result is kept for 600 seconds
2026-07-30 07:26:24,078 home-kailai-demo:default: frappe.utils.background_jobs.execute_job(event=None, is_async=True, job_name='frappe.core.doctype.scheduled_job_type.scheduled_job_type.run_scheduled_jo..., kwargs={'job_type': 'frappe.monitor.flush'}, method='frappe.core.doctype.scheduled_job_type.scheduled_job_type.run_scheduled_jo..., site='program', user='Administrator') (program::scheduled_job::frappe.monitor.flush)
2026-07-30 07:26:24,361 home-kailai-demo:default: Job OK (program::scheduled_job::frappe.monitor.flush)
2026-07-30 07:26:24,361 Result is kept for 600 seconds
2026-07-30 07:26:24,367 home-kailai-demo:default: frappe.utils.background_jobs.execute_job(event=None, is_async=True, job_name='frappe.core.doctype.scheduled_job_type.scheduled_job_type.run_scheduled_jo..., kwargs={'job_type': 'frappe.email.queue.retry_sending_emails'}, method='frappe.core.doctype.scheduled_job_type.scheduled_job_type.run_scheduled_jo..., site='program', user='Administrator') (program::scheduled_job::frappe.email.queue.retry_sending_emails)
2026-07-30 07:26:24,767 home-kailai-demo:default: Job OK (program::scheduled_job::frappe.email.queue.retry_sending_emails)
2026-07-30 07:26:24,767 Result is kept for 600 seconds
2026-07-30 07:30:30,723 home-kailai-demo:default: frappe.utils.background_jobs.execute_job(event=None, is_async=True, job_name='frappe.core.doctype.scheduled_job_type.scheduled_job_type.run_scheduled_jo..., kwargs={'job_type': 'frappe.utils.telemetry.pulse.client.send_queued_events'}, method='frappe.core.doctype.scheduled_job_type.scheduled_job_type.run_scheduled_jo..., site='program', user='Administrator') (program::scheduled_job::frappe.utils.telemetry.pulse.client.send_queued_events)
2026-07-30 07:30:31,250 home-kailai-demo:default: Job OK (program::scheduled_job::frappe.utils.telemetry.pulse.client.send_queued_events)
2026-07-30 07:30:31,251 Result is kept for 600 seconds
2026-07-30 07:30:31,256 home-kailai-demo:default: frappe.utils.background_jobs.execute_job(event=None, is_async=True, job_name='frappe.core.doctype.scheduled_job_type.scheduled_job_type.run_scheduled_jo..., kwargs={'job_type': 'frappe.email.doctype.newsletter.newsletter.send_scheduled_ema..., method='frappe.core.doctype.scheduled_job_type.scheduled_job_type.run_scheduled_jo..., site='program', user='Administrator') (program::scheduled_job::frappe.email.doctype.newsletter.newsletter.send_scheduled_email)
2026-07-30 07:30:31,645 home-kailai-demo:default: Job OK (program::scheduled_job::frappe.email.doctype.newsletter.newsletter.send_scheduled_email)
2026-07-30 07:30:31,645 Result is kept for 600 seconds
2026-07-30 07:30:31,651 home-kailai-demo:default: frappe.utils.background_jobs.execute_job(event=None, is_async=True, job_name='frappe.core.doctype.scheduled_job_type.scheduled_job_type.run_scheduled_jo..., kwargs={'job_type': 'frappe.integrations.doctype.google_calendar.google_calendar.s..., method='frappe.core.doctype.scheduled_job_type.scheduled_job_type.run_scheduled_jo..., site='program', user='Administrator') (program::scheduled_job::frappe.integrations.doctype.google_calendar.google_calendar.sync)
2026-07-30 07:30:32,137 home-kailai-demo:default: Job OK (program::scheduled_job::frappe.integrations.doctype.google_calendar.google_calendar.sync)
2026-07-30 07:30:32,137 Result is kept for 600 seconds
2026-07-30 07:30:32,142 home-kailai-demo:default: frappe.utils.background_jobs.execute_job(event=None, is_async=True, job_name='frappe.core.doctype.scheduled_job_type.scheduled_job_type.run_scheduled_jo..., kwargs={'job_type': 'frappe.monitor.flush'}, method='frappe.core.doctype.scheduled_job_type.scheduled_job_type.run_scheduled_jo..., site='program', user='Administrator') (program::scheduled_job::frappe.monitor.flush)
2026-07-30 07:30:32,462 home-kailai-demo:default: Job OK (program::scheduled_job::frappe.monitor.flush)
2026-07-30 07:30:32,462 Result is kept for 600 seconds
2026-07-30 07:30:32,467 home-kailai-demo:default: frappe.utils.background_jobs.execute_job(event=None, is_async=True, job_name='frappe.core.doctype.scheduled_job_type.scheduled_job_type.run_scheduled_jo..., kwargs={'job_type': 'frappe.automation.doctype.reminder.reminder.send_reminders'}, method='frappe.core.doctype.scheduled_job_type.scheduled_job_type.run_scheduled_jo..., site='program', user='Administrator') (program::scheduled_job::frappe.automation.doctype.reminder.reminder.send_reminders)
2026-07-30 07:30:32,844 home-kailai-demo:default: Job OK (program::scheduled_job::frappe.automation.doctype.reminder.reminder.send_reminders)
2026-07-30 07:30:32,845 Result is kept for 600 seconds
2026-07-30 07:30:32,849 home-kailai-demo:default: frappe.utils.background_jobs.execute_job(event=None, is_async=True, job_name='frappe.core.doctype.scheduled_job_type.scheduled_job_type.run_scheduled_jo..., kwargs={'job_type': 'frappe.search.sqlite_search.build_index_if_not_exists'}, method='frappe.core.doctype.scheduled_job_type.scheduled_job_type.run_scheduled_jo..., site='program', user='Administrator') (program::scheduled_job::frappe.search.sqlite_search.build_index_if_not_exists)
2026-07-30 07:30:33,187 home-kailai-demo:default: Job OK (program::scheduled_job::frappe.search.sqlite_search.build_index_if_not_exists)
2026-07-30 07:30:33,187 Result is kept for 600 seconds
2026-07-30 07:30:33,192 home-kailai-demo:default: frappe.utils.background_jobs.execute_job(event=None, is_async=True, job_name='frappe.core.doctype.scheduled_job_type.scheduled_job_type.run_scheduled_jo..., kwargs={'job_type': 'frappe.utils.global_search.sync_global_search'}, method='frappe.core.doctype.scheduled_job_type.scheduled_job_type.run_scheduled_jo..., site='program', user='Administrator') (program::scheduled_job::frappe.utils.global_search.sync_global_search)
2026-07-30 07:30:33,544 home-kailai-demo:default: Job OK (program::scheduled_job::frappe.utils.global_search.sync_global_search)
2026-07-30 07:30:33,544 Result is kept for 600 seconds
2026-07-30 07:30:33,548 home-kailai-demo:default: frappe.utils.background_jobs.execute_job(event=None, is_async=True, job_name='frappe.core.doctype.scheduled_job_type.scheduled_job_type.run_scheduled_jo..., kwargs={'job_type': 'frappe.email.queue.retry_sending_emails'}, method='frappe.core.doctype.scheduled_job_type.scheduled_job_type.run_scheduled_jo..., site='program', user='Administrator') (program::scheduled_job::frappe.email.queue.retry_sending_emails)
2026-07-30 07:30:33,982 home-kailai-demo:default: Job OK (program::scheduled_job::frappe.email.queue.retry_sending_emails)
2026-07-30 07:30:33,982 Result is kept for 600 seconds
2026-07-30 07:30:33,988 home-kailai-demo:default: frappe.utils.background_jobs.execute_job(event=None, is_async=True, job_name='frappe.core.doctype.scheduled_job_type.scheduled_job_type.run_scheduled_jo..., kwargs={'job_type': 'frappe.deferred_insert.save_to_db'}, method='frappe.core.doctype.scheduled_job_type.scheduled_job_type.run_scheduled_jo..., site='program', user='Administrator') (program::scheduled_job::frappe.deferred_insert.save_to_db)
2026-07-30 07:30:34,334 home-kailai-demo:default: Job OK (program::scheduled_job::frappe.deferred_insert.save_to_db)
2026-07-30 07:30:34,334 Result is kept for 600 seconds
2026-07-30 07:30:34,339 home-kailai-demo:default: frappe.utils.background_jobs.execute_job(event=None, is_async=True, job_name='frappe.core.doctype.scheduled_job_type.scheduled_job_type.run_scheduled_jo..., kwargs={'job_type': 'frappe.email.doctype.email_account.email_account.pull'}, method='frappe.core.doctype.scheduled_job_type.scheduled_job_type.run_scheduled_jo..., site='program', user='Administrator') (program::scheduled_job::frappe.email.doctype.email_account.email_account.pull)
2026-07-30 07:30:34,716 home-kailai-demo:default: Job OK (program::scheduled_job::frappe.email.doctype.email_account.email_account.pull)
2026-07-30 07:30:34,716 Result is kept for 600 seconds
2026-07-30 07:30:34,721 home-kailai-demo:default: frappe.utils.background_jobs.execute_job(event=None, is_async=True, job_name='frappe.core.doctype.scheduled_job_type.scheduled_job_type.run_scheduled_jo..., kwargs={'job_type': 'frappe.email.queue.flush'}, method='frappe.core.doctype.scheduled_job_type.scheduled_job_type.run_scheduled_jo..., site='program', user='Administrator') (program::scheduled_job::frappe.email.queue.flush)
2026-07-30 07:30:35,152 home-kailai-demo:default: Job OK (program::scheduled_job::frappe.email.queue.flush)
2026-07-30 07:30:35,153 Result is kept for 600 seconds
2026-07-30 07:30:35,157 home-kailai-demo:default: frappe.utils.background_jobs.execute_job(event=None, is_async=True, job_name='frappe.core.doctype.scheduled_job_type.scheduled_job_type.run_scheduled_jo..., kwargs={'job_type': 'frappe.email.doctype.email_account.email_account.notify_unrep..., method='frappe.core.doctype.scheduled_job_type.scheduled_job_type.run_scheduled_jo..., site='program', user='Administrator') (program::scheduled_job::frappe.email.doctype.email_account.email_account.notify_unreplied)
2026-07-30 07:30:35,502 home-kailai-demo:default: Job OK (program::scheduled_job::frappe.email.doctype.email_account.email_account.notify_unreplied)
2026-07-30 07:30:35,502 Result is kept for 600 seconds
2026-07-30 07:30:35,507 home-kailai-demo:default: frappe.utils.background_jobs.execute_job(event=None, is_async=True, job_name='frappe.core.doctype.scheduled_job_type.scheduled_job_type.run_scheduled_jo..., kwargs={'job_type': 'frappe.model.utils.link_count.update_link_count'}, method='frappe.core.doctype.scheduled_job_type.scheduled_job_type.run_scheduled_jo..., site='program', user='Administrator') (program::scheduled_job::frappe.model.utils.link_count.update_link_count)
2026-07-30 07:30:35,837 home-kailai-demo:default: Job OK (program::scheduled_job::frappe.model.utils.link_count.update_link_count)
2026-07-30 07:30:35,837 Result is kept for 600 seconds
2026-07-30 07:30:35,842 home-kailai-demo:long: frappe.utils.background_jobs.execute_job(event=None, is_async=True, job_name='frappe.core.doctype.scheduled_job_type.scheduled_job_type.run_scheduled_jo..., kwargs={'job_type': 'frappe.website.doctype.web_page.web_page.check_publish_status..., method='frappe.core.doctype.scheduled_job_type.scheduled_job_type.run_scheduled_jo..., site='program', user='Administrator') (program::scheduled_job::frappe.website.doctype.web_page.web_page.check_publish_status)
2026-07-30 07:30:36,215 home-kailai-demo:long: Job OK (program::scheduled_job::frappe.website.doctype.web_page.web_page.check_publish_status)
2026-07-30 07:30:36,216 Result is kept for 600 seconds
2026-07-30 07:30:36,220 home-kailai-demo:long: frappe.utils.background_jobs.execute_job(event=None, is_async=True, job_name='frappe.core.doctype.scheduled_job_type.scheduled_job_type.run_scheduled_jo..., kwargs={'job_type': 'frappe.website.doctype.personal_data_deletion_request.persona..., method='frappe.core.doctype.scheduled_job_type.scheduled_job_type.run_scheduled_jo..., site='program', user='Administrator') (program::scheduled_job::frappe.website.doctype.personal_data_deletion_request.personal_data_deletion_request.process_data_deletion_request)
2026-07-30 07:30:36,580 home-kailai-demo:long: Job OK (program::scheduled_job::frappe.website.doctype.personal_data_deletion_request.personal_data_deletion_request.process_data_deletion_request)
2026-07-30 07:30:36,580 Result is kept for 600 seconds
2026-07-30 07:30:36,585 home-kailai-demo:long: frappe.utils.background_jobs.execute_job(event=None, is_async=True, job_name='frappe.core.doctype.scheduled_job_type.scheduled_job_type.run_scheduled_jo..., kwargs={'job_type': 'frappe.desk.page.backups.backups.delete_downloadable_backups'..., method='frappe.core.doctype.scheduled_job_type.scheduled_job_type.run_scheduled_jo..., site='program', user='Administrator') (program::scheduled_job::frappe.desk.page.backups.backups.delete_downloadable_backups)
2026-07-30 07:30:38,088 home-kailai-demo:long: Job OK (program::scheduled_job::frappe.desk.page.backups.backups.delete_downloadable_backups)
2026-07-30 07:30:38,088 Result is kept for 600 seconds
2026-07-30 07:30:38,092 home-kailai-demo:long: frappe.utils.background_jobs.execute_job(event=None, is_async=True, job_name='frappe.core.doctype.scheduled_job_type.scheduled_job_type.run_scheduled_jo..., kwargs={'job_type': 'frappe.core.doctype.prepared_report.prepared_report.expire_st..., method='frappe.core.doctype.scheduled_job_type.scheduled_job_type.run_scheduled_jo..., site='program', user='Administrator') (program::scheduled_job::frappe.core.doctype.prepared_report.prepared_report.expire_stalled_report)
2026-07-30 07:30:38,428 home-kailai-demo:long: Job OK (program::scheduled_job::frappe.core.doctype.prepared_report.prepared_report.expire_stalled_report)
2026-07-30 07:30:38,428 Result is kept for 600 seconds
2026-07-30 07:30:38,433 home-kailai-demo:long: frappe.utils.background_jobs.execute_job(event=None, is_async=True, job_name='frappe.core.doctype.scheduled_job_type.scheduled_job_type.run_scheduled_jo..., kwargs={'job_type': 'frappe.model.utils.user_settings.sync_user_settings'}, method='frappe.core.doctype.scheduled_job_type.scheduled_job_type.run_scheduled_jo..., site='program', user='Administrator') (program::scheduled_job::frappe.model.utils.user_settings.sync_user_settings)
2026-07-30 07:30:38,761 home-kailai-demo:long: Job OK (program::scheduled_job::frappe.model.utils.user_settings.sync_user_settings)
2026-07-30 07:30:38,761 Result is kept for 600 seconds
2026-07-30 07:30:38,766 home-kailai-demo:long: frappe.utils.background_jobs.execute_job(event=None, is_async=True, job_name='frappe.core.doctype.scheduled_job_type.scheduled_job_type.run_scheduled_jo..., kwargs={'job_type': 'frappe.desk.utils.delete_old_exported_report_files'}, method='frappe.core.doctype.scheduled_job_type.scheduled_job_type.run_scheduled_jo..., site='program', user='Administrator') (program::scheduled_job::frappe.desk.utils.delete_old_exported_report_files)
2026-07-30 07:30:39,132 home-kailai-demo:long: Job OK (program::scheduled_job::frappe.desk.utils.delete_old_exported_report_files)
2026-07-30 07:30:39,132 Result is kept for 600 seconds
2026-07-30 07:30:39,138 home-kailai-demo:long: frappe.utils.background_jobs.execute_job(event=None, is_async=True, job_name='frappe.core.doctype.scheduled_job_type.scheduled_job_type.run_scheduled_jo..., kwargs={'job_type': 'frappe.desk.form.document_follow.send_hourly_updates'}, method='frappe.core.doctype.scheduled_job_type.scheduled_job_type.run_scheduled_jo..., site='program', user='Administrator') (program::scheduled_job::frappe.desk.form.document_follow.send_hourly_updates)
2026-07-30 07:30:39,476 home-kailai-demo:long: Job OK (program::scheduled_job::frappe.desk.form.document_follow.send_hourly_updates)
2026-07-30 07:30:39,476 Result is kept for 600 seconds
2026-07-30 07:30:39,480 home-kailai-demo:long: frappe.utils.background_jobs.execute_job(event=None, is_async=True, job_name='frappe.core.doctype.scheduled_job_type.scheduled_job_type.run_scheduled_jo..., kwargs={'job_type': 'frappe.twofactor.delete_all_barcodes_for_users'}, method='frappe.core.doctype.scheduled_job_type.scheduled_job_type.run_scheduled_jo..., site='program', user='Administrator') (program::scheduled_job::frappe.twofactor.delete_all_barcodes_for_users)
2026-07-30 07:30:39,847 home-kailai-demo:long: Job OK (program::scheduled_job::frappe.twofactor.delete_all_barcodes_for_users)
2026-07-30 07:30:39,847 Result is kept for 600 seconds
2026-07-30 07:30:39,852 home-kailai-demo:long: frappe.utils.background_jobs.execute_job(event=None, is_async=True, job_name='frappe.core.doctype.scheduled_job_type.scheduled_job_type.run_scheduled_jo..., kwargs={'job_type': 'frappe.oauth.delete_oauth2_data'}, method='frappe.core.doctype.scheduled_job_type.scheduled_job_type.run_scheduled_jo..., site='program', user='Administrator') (program::scheduled_job::frappe.oauth.delete_oauth2_data)
2026-07-30 07:30:40,209 home-kailai-demo:long: Job OK (program::scheduled_job::frappe.oauth.delete_oauth2_data)
2026-07-30 07:30:40,209 Result is kept for 600 seconds
2026-07-30 07:34:39,164 home-kailai-demo:default: frappe.utils.background_jobs.execute_job(event=None, is_async=True, job_name='frappe.core.doctype.scheduled_job_type.scheduled_job_type.run_scheduled_jo..., kwargs={'job_type': 'frappe.monitor.flush'}, method='frappe.core.doctype.scheduled_job_type.scheduled_job_type.run_scheduled_jo..., site='program', user='Administrator') (program::scheduled_job::frappe.monitor.flush)
2026-07-30 07:34:39,660 home-kailai-demo:default: Job OK (program::scheduled_job::frappe.monitor.flush)
2026-07-30 07:34:39,660 Result is kept for 600 seconds
2026-07-30 07:34:39,664 Cleaning registries for queue: home-kailai-demo:short
2026-07-30 07:34:39,666 Cleaning registries for queue: home-kailai-demo:default
2026-07-30 07:34:39,668 Cleaning registries for queue: home-kailai-demo:long
2026-07-30 07:34:39,669 home-kailai-demo:default: frappe.utils.background_jobs.execute_job(event=None, is_async=True, job_name='frappe.core.doctype.scheduled_job_type.scheduled_job_type.run_scheduled_jo..., kwargs={'job_type': 'frappe.email.queue.flush'}, method='frappe.core.doctype.scheduled_job_type.scheduled_job_type.run_scheduled_jo..., site='program', user='Administrator') (program::scheduled_job::frappe.email.queue.flush)
2026-07-30 07:34:40,163 home-kailai-demo:default: Job OK (program::scheduled_job::frappe.email.queue.flush)
2026-07-30 07:34:40,163 Result is kept for 600 seconds
2026-07-30 07:34:40,168 home-kailai-demo:default: frappe.utils.background_jobs.execute_job(event=None, is_async=True, job_name='frappe.core.doctype.scheduled_job_type.scheduled_job_type.run_scheduled_jo..., kwargs={'job_type': 'frappe.email.queue.retry_sending_emails'}, method='frappe.core.doctype.scheduled_job_type.scheduled_job_type.run_scheduled_jo..., site='program', user='Administrator') (program::scheduled_job::frappe.email.queue.retry_sending_emails)
2026-07-30 07:34:40,611 home-kailai-demo:default: Job OK (program::scheduled_job::frappe.email.queue.retry_sending_emails)
2026-07-30 07:34:40,611 Result is kept for 600 seconds
2026-07-30 07:34:40,616 home-kailai-demo:default: frappe.utils.background_jobs.execute_job(event=None, is_async=True, job_name='frappe.core.doctype.scheduled_job_type.scheduled_job_type.run_scheduled_jo..., kwargs={'job_type': 'frappe.integrations.doctype.google_calendar.google_calendar.s..., method='frappe.core.doctype.scheduled_job_type.scheduled_job_type.run_scheduled_jo..., site='program', user='Administrator') (program::scheduled_job::frappe.integrations.doctype.google_calendar.google_calendar.sync)
2026-07-30 07:34:41,150 home-kailai-demo:default: Job OK (program::scheduled_job::frappe.integrations.doctype.google_calendar.google_calendar.sync)
2026-07-30 07:34:41,151 Result is kept for 600 seconds
2026-07-30 07:38:47,467 home-kailai-demo:default: frappe.utils.background_jobs.execute_job(event=None, is_async=True, job_name='frappe.core.doctype.scheduled_job_type.scheduled_job_type.run_scheduled_jo..., kwargs={'job_type': 'frappe.email.queue.retry_sending_emails'}, method='frappe.core.doctype.scheduled_job_type.scheduled_job_type.run_scheduled_jo..., site='program', user='Administrator') (program::scheduled_job::frappe.email.queue.retry_sending_emails)
2026-07-30 07:38:48,145 home-kailai-demo:default: Job OK (program::scheduled_job::frappe.email.queue.retry_sending_emails)
2026-07-30 07:38:48,146 Result is kept for 600 seconds
2026-07-30 07:38:48,150 home-kailai-demo:default: frappe.utils.background_jobs.execute_job(event=None, is_async=True, job_name='frappe.core.doctype.scheduled_job_type.scheduled_job_type.run_scheduled_jo..., kwargs={'job_type': 'frappe.monitor.flush'}, method='frappe.core.doctype.scheduled_job_type.scheduled_job_type.run_scheduled_jo..., site='program', user='Administrator') (program::scheduled_job::frappe.monitor.flush)
2026-07-30 07:38:48,457 home-kailai-demo:default: Job OK (program::scheduled_job::frappe.monitor.flush)
2026-07-30 07:38:48,457 Result is kept for 600 seconds
2026-07-30 07:38:48,462 home-kailai-demo:default: frappe.utils.background_jobs.execute_job(event=None, is_async=True, job_name='frappe.core.doctype.scheduled_job_type.scheduled_job_type.run_scheduled_jo..., kwargs={'job_type': 'frappe.integrations.doctype.google_calendar.google_calendar.s..., method='frappe.core.doctype.scheduled_job_type.scheduled_job_type.run_scheduled_jo..., site='program', user='Administrator') (program::scheduled_job::frappe.integrations.doctype.google_calendar.google_calendar.sync)
2026-07-30 07:38:49,040 home-kailai-demo:default: Job OK (program::scheduled_job::frappe.integrations.doctype.google_calendar.google_calendar.sync)
2026-07-30 07:38:49,041 Result is kept for 600 seconds
2026-07-30 07:38:49,046 home-kailai-demo:default: frappe.utils.background_jobs.execute_job(event=None, is_async=True, job_name='frappe.core.doctype.scheduled_job_type.scheduled_job_type.run_scheduled_jo..., kwargs={'job_type': 'frappe.email.queue.flush'}, method='frappe.core.doctype.scheduled_job_type.scheduled_job_type.run_scheduled_jo..., site='program', user='Administrator') (program::scheduled_job::frappe.email.queue.flush)
2026-07-30 07:38:49,506 home-kailai-demo:default: Job OK (program::scheduled_job::frappe.email.queue.flush)
2026-07-30 07:38:49,506 Result is kept for 600 seconds
2026-07-30 07:40:50,413 home-kailai-demo:default: frappe.utils.background_jobs.execute_job(event=None, is_async=True, job_name='frappe.core.doctype.scheduled_job_type.scheduled_job_type.run_scheduled_jo..., kwargs={'job_type': 'frappe.email.doctype.email_account.email_account.pull'}, method='frappe.core.doctype.scheduled_job_type.scheduled_job_type.run_scheduled_jo..., site='program', user='Administrator') (program::scheduled_job::frappe.email.doctype.email_account.email_account.pull)
2026-07-30 07:40:50,998 home-kailai-demo:default: Job OK (program::scheduled_job::frappe.email.doctype.email_account.email_account.pull)
2026-07-30 07:40:50,998 Result is kept for 600 seconds
2026-07-30 07:42:53,498 home-kailai-demo:default: frappe.utils.background_jobs.execute_job(event=None, is_async=True, job_name='frappe.core.doctype.scheduled_job_type.scheduled_job_type.run_scheduled_jo..., kwargs={'job_type': 'frappe.email.queue.retry_sending_emails'}, method='frappe.core.doctype.scheduled_job_type.scheduled_job_type.run_scheduled_jo..., site='program', user='Administrator') (program::scheduled_job::frappe.email.queue.retry_sending_emails)
2026-07-30 07:42:54,238 home-kailai-demo:default: Job OK (program::scheduled_job::frappe.email.queue.retry_sending_emails)
2026-07-30 07:42:54,238 Result is kept for 600 seconds
2026-07-30 07:42:54,244 home-kailai-demo:default: frappe.utils.background_jobs.execute_job(event=None, is_async=True, job_name='frappe.core.doctype.scheduled_job_type.scheduled_job_type.run_scheduled_jo..., kwargs={'job_type': 'frappe.integrations.doctype.google_calendar.google_calendar.s..., method='frappe.core.doctype.scheduled_job_type.scheduled_job_type.run_scheduled_jo..., site='program', user='Administrator') (program::scheduled_job::frappe.integrations.doctype.google_calendar.google_calendar.sync)
2026-07-30 07:42:54,776 home-kailai-demo:default: Job OK (program::scheduled_job::frappe.integrations.doctype.google_calendar.google_calendar.sync)
2026-07-30 07:42:54,777 Result is kept for 600 seconds
2026-07-30 07:42:54,782 home-kailai-demo:default: frappe.utils.background_jobs.execute_job(event=None, is_async=True, job_name='frappe.core.doctype.scheduled_job_type.scheduled_job_type.run_scheduled_jo..., kwargs={'job_type': 'frappe.email.queue.flush'}, method='frappe.core.doctype.scheduled_job_type.scheduled_job_type.run_scheduled_jo..., site='program', user='Administrator') (program::scheduled_job::frappe.email.queue.flush)
2026-07-30 07:42:55,199 home-kailai-demo:default: Job OK (program::scheduled_job::frappe.email.queue.flush)
2026-07-30 07:42:55,199 Result is kept for 600 seconds
2026-07-30 07:42:55,204 home-kailai-demo:default: frappe.utils.background_jobs.execute_job(event=None, is_async=True, job_name='frappe.core.doctype.scheduled_job_type.scheduled_job_type.run_scheduled_jo..., kwargs={'job_type': 'frappe.monitor.flush'}, method='frappe.core.doctype.scheduled_job_type.scheduled_job_type.run_scheduled_jo..., site='program', user='Administrator') (program::scheduled_job::frappe.monitor.flush)
2026-07-30 07:42:55,512 home-kailai-demo:default: Job OK (program::scheduled_job::frappe.monitor.flush)
2026-07-30 07:42:55,512 Result is kept for 600 seconds
2026-07-30 07:45:57,473 home-kailai-demo:default: frappe.utils.background_jobs.execute_job(event=None, is_async=True, job_name='frappe.core.doctype.scheduled_job_type.scheduled_job_type.run_scheduled_jo..., kwargs={'job_type': 'frappe.utils.global_search.sync_global_search'}, method='frappe.core.doctype.scheduled_job_type.scheduled_job_type.run_scheduled_jo..., site='program', user='Administrator') (program::scheduled_job::frappe.utils.global_search.sync_global_search)
2026-07-30 07:45:57,894 home-kailai-demo:default: Job OK (program::scheduled_job::frappe.utils.global_search.sync_global_search)
2026-07-30 07:45:57,894 Result is kept for 600 seconds
2026-07-30 07:45:57,900 home-kailai-demo:default: frappe.utils.background_jobs.execute_job(event=None, is_async=True, job_name='frappe.core.doctype.scheduled_job_type.scheduled_job_type.run_scheduled_jo..., kwargs={'job_type': 'frappe.email.doctype.email_account.email_account.notify_unrep..., method='frappe.core.doctype.scheduled_job_type.scheduled_job_type.run_scheduled_jo..., site='program', user='Administrator') (program::scheduled_job::frappe.email.doctype.email_account.email_account.notify_unreplied)
2026-07-30 07:45:58,301 home-kailai-demo:default: Job OK (program::scheduled_job::frappe.email.doctype.email_account.email_account.notify_unreplied)
2026-07-30 07:45:58,302 Result is kept for 600 seconds
2026-07-30 07:45:58,307 home-kailai-demo:default: frappe.utils.background_jobs.execute_job(event=None, is_async=True, job_name='frappe.core.doctype.scheduled_job_type.scheduled_job_type.run_scheduled_jo..., kwargs={'job_type': 'frappe.search.sqlite_search.build_index_if_not_exists'}, method='frappe.core.doctype.scheduled_job_type.scheduled_job_type.run_scheduled_jo..., site='program', user='Administrator') (program::scheduled_job::frappe.search.sqlite_search.build_index_if_not_exists)
2026-07-30 07:45:58,685 home-kailai-demo:default: Job OK (program::scheduled_job::frappe.search.sqlite_search.build_index_if_not_exists)
2026-07-30 07:45:58,685 Result is kept for 600 seconds
2026-07-30 07:45:58,690 home-kailai-demo:default: frappe.utils.background_jobs.execute_job(event=None, is_async=True, job_name='frappe.core.doctype.scheduled_job_type.scheduled_job_type.run_scheduled_jo..., kwargs={'job_type': 'frappe.utils.telemetry.pulse.client.send_queued_events'}, method='frappe.core.doctype.scheduled_job_type.scheduled_job_type.run_scheduled_jo..., site='program', user='Administrator') (program::scheduled_job::frappe.utils.telemetry.pulse.client.send_queued_events)
2026-07-30 07:45:59,073 home-kailai-demo:default: Job OK (program::scheduled_job::frappe.utils.telemetry.pulse.client.send_queued_events)
2026-07-30 07:45:59,073 Result is kept for 600 seconds
2026-07-30 07:45:59,078 home-kailai-demo:default: frappe.utils.background_jobs.execute_job(event=None, is_async=True, job_name='frappe.core.doctype.scheduled_job_type.scheduled_job_type.run_scheduled_jo..., kwargs={'job_type': 'frappe.automation.doctype.reminder.reminder.send_reminders'}, method='frappe.core.doctype.scheduled_job_type.scheduled_job_type.run_scheduled_jo..., site='program', user='Administrator') (program::scheduled_job::frappe.automation.doctype.reminder.reminder.send_reminders)
2026-07-30 07:45:59,485 home-kailai-demo:default: Job OK (program::scheduled_job::frappe.automation.doctype.reminder.reminder.send_reminders)
2026-07-30 07:45:59,485 Result is kept for 600 seconds
2026-07-30 07:45:59,490 home-kailai-demo:default: frappe.utils.background_jobs.execute_job(event=None, is_async=True, job_name='frappe.core.doctype.scheduled_job_type.scheduled_job_type.run_scheduled_jo..., kwargs={'job_type': 'frappe.deferred_insert.save_to_db'}, method='frappe.core.doctype.scheduled_job_type.scheduled_job_type.run_scheduled_jo..., site='program', user='Administrator') (program::scheduled_job::frappe.deferred_insert.save_to_db)
2026-07-30 07:45:59,917 home-kailai-demo:default: Job OK (program::scheduled_job::frappe.deferred_insert.save_to_db)
2026-07-30 07:45:59,918 Result is kept for 600 seconds
2026-07-30 07:45:59,924 home-kailai-demo:default: frappe.utils.background_jobs.execute_job(event=None, is_async=True, job_name='frappe.core.doctype.scheduled_job_type.scheduled_job_type.run_scheduled_jo..., kwargs={'job_type': 'frappe.model.utils.link_count.update_link_count'}, method='frappe.core.doctype.scheduled_job_type.scheduled_job_type.run_scheduled_jo..., site='program', user='Administrator') (program::scheduled_job::frappe.model.utils.link_count.update_link_count)
2026-07-30 07:46:00,322 home-kailai-demo:default: Job OK (program::scheduled_job::frappe.model.utils.link_count.update_link_count)
2026-07-30 07:46:00,322 Result is kept for 600 seconds
2026-07-30 07:46:59,440 home-kailai-demo:default: frappe.utils.background_jobs.execute_job(event=None, is_async=True, job_name='frappe.core.doctype.scheduled_job_type.scheduled_job_type.run_scheduled_jo..., kwargs={'job_type': 'frappe.monitor.flush'}, method='frappe.core.doctype.scheduled_job_type.scheduled_job_type.run_scheduled_jo..., site='program', user='Administrator') (program::scheduled_job::frappe.monitor.flush)
2026-07-30 07:46:59,975 home-kailai-demo:default: Job OK (program::scheduled_job::frappe.monitor.flush)
2026-07-30 07:46:59,975 Result is kept for 600 seconds
2026-07-30 07:46:59,980 home-kailai-demo:default: frappe.utils.background_jobs.execute_job(event=None, is_async=True, job_name='frappe.core.doctype.scheduled_job_type.scheduled_job_type.run_scheduled_jo..., kwargs={'job_type': 'frappe.email.queue.flush'}, method='frappe.core.doctype.scheduled_job_type.scheduled_job_type.run_scheduled_jo..., site='program', user='Administrator') (program::scheduled_job::frappe.email.queue.flush)
2026-07-30 07:47:00,479 home-kailai-demo:default: Job OK (program::scheduled_job::frappe.email.queue.flush)
2026-07-30 07:47:00,479 Result is kept for 600 seconds
2026-07-30 07:47:00,483 home-kailai-demo:default: frappe.utils.background_jobs.execute_job(event=None, is_async=True, job_name='frappe.core.doctype.scheduled_job_type.scheduled_job_type.run_scheduled_jo..., kwargs={'job_type': 'frappe.integrations.doctype.google_calendar.google_calendar.s..., method='frappe.core.doctype.scheduled_job_type.scheduled_job_type.run_scheduled_jo..., site='program', user='Administrator') (program::scheduled_job::frappe.integrations.doctype.google_calendar.google_calendar.sync)
2026-07-30 07:47:01,006 home-kailai-demo:default: Job OK (program::scheduled_job::frappe.integrations.doctype.google_calendar.google_calendar.sync)
2026-07-30 07:47:01,006 Result is kept for 600 seconds
2026-07-30 07:47:01,012 home-kailai-demo:default: frappe.utils.background_jobs.execute_job(event=None, is_async=True, job_name='frappe.core.doctype.scheduled_job_type.scheduled_job_type.run_scheduled_jo..., kwargs={'job_type': 'frappe.email.queue.retry_sending_emails'}, method='frappe.core.doctype.scheduled_job_type.scheduled_job_type.run_scheduled_jo..., site='program', user='Administrator') (program::scheduled_job::frappe.email.queue.retry_sending_emails)
2026-07-30 07:47:01,681 home-kailai-demo:default: Job OK (program::scheduled_job::frappe.email.queue.retry_sending_emails)
2026-07-30 07:47:01,682 Result is kept for 600 seconds
2026-07-30 07:50:05,461 home-kailai-demo:default: frappe.utils.background_jobs.execute_job(event=None, is_async=True, job_name='frappe.core.doctype.scheduled_job_type.scheduled_job_type.run_scheduled_jo..., kwargs={'job_type': 'frappe.email.queue.flush'}, method='frappe.core.doctype.scheduled_job_type.scheduled_job_type.run_scheduled_jo..., site='program', user='Administrator') (program::scheduled_job::frappe.email.queue.flush)
2026-07-30 07:50:05,921 home-kailai-demo:default: Job OK (program::scheduled_job::frappe.email.queue.flush)
2026-07-30 07:50:05,921 Result is kept for 600 seconds
2026-07-30 07:50:05,926 home-kailai-demo:default: frappe.utils.background_jobs.execute_job(event=None, is_async=True, job_name='frappe.core.doctype.scheduled_job_type.scheduled_job_type.run_scheduled_jo..., kwargs={'job_type': 'frappe.email.queue.retry_sending_emails'}, method='frappe.core.doctype.scheduled_job_type.scheduled_job_type.run_scheduled_jo..., site='program', user='Administrator') (program::scheduled_job::frappe.email.queue.retry_sending_emails)
2026-07-30 07:50:06,377 home-kailai-demo:default: Job OK (program::scheduled_job::frappe.email.queue.retry_sending_emails)
2026-07-30 07:50:06,377 Result is kept for 600 seconds
2026-07-30 07:50:06,382 home-kailai-demo:default: frappe.utils.background_jobs.execute_job(event=None, is_async=True, job_name='frappe.core.doctype.scheduled_job_type.scheduled_job_type.run_scheduled_jo..., kwargs={'job_type': 'frappe.integrations.doctype.google_calendar.google_calendar.s..., method='frappe.core.doctype.scheduled_job_type.scheduled_job_type.run_scheduled_jo..., site='program', user='Administrator') (program::scheduled_job::frappe.integrations.doctype.google_calendar.google_calendar.sync)
2026-07-30 07:50:06,845 home-kailai-demo:default: Job OK (program::scheduled_job::frappe.integrations.doctype.google_calendar.google_calendar.sync)
2026-07-30 07:50:06,845 Result is kept for 600 seconds
2026-07-30 07:50:06,851 home-kailai-demo:default: frappe.utils.background_jobs.execute_job(event=None, is_async=True, job_name='frappe.core.doctype.scheduled_job_type.scheduled_job_type.run_scheduled_jo..., kwargs={'job_type': 'frappe.email.doctype.email_account.email_account.pull'}, method='frappe.core.doctype.scheduled_job_type.scheduled_job_type.run_scheduled_jo..., site='program', user='Administrator') (program::scheduled_job::frappe.email.doctype.email_account.email_account.pull)
2026-07-30 07:50:07,266 home-kailai-demo:default: Job OK (program::scheduled_job::frappe.email.doctype.email_account.email_account.pull)
2026-07-30 07:50:07,267 Result is kept for 600 seconds
2026-07-30 07:50:07,271 home-kailai-demo:default: frappe.utils.background_jobs.execute_job(event=None, is_async=True, job_name='frappe.core.doctype.scheduled_job_type.scheduled_job_type.run_scheduled_jo..., kwargs={'job_type': 'frappe.monitor.flush'}, method='frappe.core.doctype.scheduled_job_type.scheduled_job_type.run_scheduled_jo..., site='program', user='Administrator') (program::scheduled_job::frappe.monitor.flush)
2026-07-30 07:50:07,577 home-kailai-demo:default: Job OK (program::scheduled_job::frappe.monitor.flush)
2026-07-30 07:50:07,578 Result is kept for 600 seconds
2026-07-30 07:53:24,297 home-kailai-demo:default: frappe.utils.background_jobs.execute_job(event=None, is_async=True, job_name='frappe.model.delete_doc.delete_dynamic_links', kwargs={'doctype': 'Parent Doc', 'name': '76d3m1bv5t'}, method='frappe.model.delete_doc.delete_dynamic_links', site='program', user='Administrator') (program::90378164-eff3-49c3-ad30-485846c7f697)
2026-07-30 07:53:24,984 home-kailai-demo:default: Job OK (program::90378164-eff3-49c3-ad30-485846c7f697)
2026-07-30 07:53:24,984 Result is kept for 600 seconds
2026-07-30 07:53:25,007 home-kailai-demo:default: frappe.utils.background_jobs.execute_job(event=None, is_async=True, job_name='frappe.model.delete_doc.delete_dynamic_links', kwargs={'doctype': 'Parent Doc', 'name': '6voi0nuleb'}, method='frappe.model.delete_doc.delete_dynamic_links', site='program', user='Administrator') (program::0046e99f-3314-424c-9b8c-f4a22ad00483)
2026-07-30 07:53:25,267 home-kailai-demo:default: Job OK (program::0046e99f-3314-424c-9b8c-f4a22ad00483)
2026-07-30 07:53:25,267 Result is kept for 600 seconds
2026-07-30 07:54:10,340 home-kailai-demo:default: frappe.utils.background_jobs.execute_job(event=None, is_async=True, job_name='frappe.core.doctype.scheduled_job_type.scheduled_job_type.run_scheduled_jo..., kwargs={'job_type': 'frappe.integrations.doctype.google_calendar.google_calendar.s..., method='frappe.core.doctype.scheduled_job_type.scheduled_job_type.run_scheduled_jo..., site='program', user='Administrator') (program::scheduled_job::frappe.integrations.doctype.google_calendar.google_calendar.sync)
2026-07-30 07:54:11,110 home-kailai-demo:default: Job OK (program::scheduled_job::frappe.integrations.doctype.google_calendar.google_calendar.sync)
2026-07-30 07:54:11,110 Result is kept for 600 seconds
2026-07-30 07:54:11,115 home-kailai-demo:default: frappe.utils.background_jobs.execute_job(event=None, is_async=True, job_name='frappe.core.doctype.scheduled_job_type.scheduled_job_type.run_scheduled_jo..., kwargs={'job_type': 'frappe.monitor.flush'}, method='frappe.core.doctype.scheduled_job_type.scheduled_job_type.run_scheduled_jo..., site='program', user='Administrator') (program::scheduled_job::frappe.monitor.flush)
2026-07-30 07:54:11,408 home-kailai-demo:default: Job OK (program::scheduled_job::frappe.monitor.flush)
2026-07-30 07:54:11,408 Result is kept for 600 seconds
2026-07-30 07:54:11,412 home-kailai-demo:default: frappe.utils.background_jobs.execute_job(event=None, is_async=True, job_name='frappe.core.doctype.scheduled_job_type.scheduled_job_type.run_scheduled_jo..., kwargs={'job_type': 'frappe.email.queue.flush'}, method='frappe.core.doctype.scheduled_job_type.scheduled_job_type.run_scheduled_jo..., site='program', user='Administrator') (program::scheduled_job::frappe.email.queue.flush)
2026-07-30 07:54:11,926 home-kailai-demo:default: Job OK (program::scheduled_job::frappe.email.queue.flush)
2026-07-30 07:54:11,926 Result is kept for 600 seconds
2026-07-30 07:54:11,932 home-kailai-demo:default: frappe.utils.background_jobs.execute_job(event=None, is_async=True, job_name='frappe.core.doctype.scheduled_job_type.scheduled_job_type.run_scheduled_jo..., kwargs={'job_type': 'frappe.email.queue.retry_sending_emails'}, method='frappe.core.doctype.scheduled_job_type.scheduled_job_type.run_scheduled_jo..., site='program', user='Administrator') (program::scheduled_job::frappe.email.queue.retry_sending_emails)
2026-07-30 07:54:12,385 home-kailai-demo:default: Job OK (program::scheduled_job::frappe.email.queue.retry_sending_emails)
2026-07-30 07:54:12,385 Result is kept for 600 seconds
2026-07-30 07:58:16,434 home-kailai-demo:default: frappe.utils.background_jobs.execute_job(event=None, is_async=True, job_name='frappe.core.doctype.scheduled_job_type.scheduled_job_type.run_scheduled_jo..., kwargs={'job_type': 'frappe.email.queue.flush'}, method='frappe.core.doctype.scheduled_job_type.scheduled_job_type.run_scheduled_jo..., site='program', user='Administrator') (program::scheduled_job::frappe.email.queue.flush)
2026-07-30 07:58:16,872 home-kailai-demo:default: Job OK (program::scheduled_job::frappe.email.queue.flush)
2026-07-30 07:58:16,872 Result is kept for 600 seconds
2026-07-30 07:58:16,877 Cleaning registries for queue: home-kailai-demo:short
2026-07-30 07:58:16,878 Cleaning registries for queue: home-kailai-demo:default
2026-07-30 07:58:16,879 Cleaning registries for queue: home-kailai-demo:long
2026-07-30 07:58:16,880 home-kailai-demo:default: frappe.utils.background_jobs.execute_job(event=None, is_async=True, job_name='frappe.core.doctype.scheduled_job_type.scheduled_job_type.run_scheduled_jo..., kwargs={'job_type': 'frappe.integrations.doctype.google_calendar.google_calendar.s..., method='frappe.core.doctype.scheduled_job_type.scheduled_job_type.run_scheduled_jo..., site='program', user='Administrator') (program::scheduled_job::frappe.integrations.doctype.google_calendar.google_calendar.sync)
2026-07-30 07:58:17,336 home-kailai-demo:default: Job OK (program::scheduled_job::frappe.integrations.doctype.google_calendar.google_calendar.sync)
2026-07-30 07:58:17,336 Result is kept for 600 seconds
2026-07-30 07:58:17,341 home-kailai-demo:default: frappe.utils.background_jobs.execute_job(event=None, is_async=True, job_name='frappe.core.doctype.scheduled_job_type.scheduled_job_type.run_scheduled_jo..., kwargs={'job_type': 'frappe.email.queue.retry_sending_emails'}, method='frappe.core.doctype.scheduled_job_type.scheduled_job_type.run_scheduled_jo..., site='program', user='Administrator') (program::scheduled_job::frappe.email.queue.retry_sending_emails)
2026-07-30 07:58:17,753 home-kailai-demo:default: Job OK (program::scheduled_job::frappe.email.queue.retry_sending_emails)
2026-07-30 07:58:17,753 Result is kept for 600 seconds
2026-07-30 07:58:17,758 home-kailai-demo:default: frappe.utils.background_jobs.execute_job(event=None, is_async=True, job_name='frappe.core.doctype.scheduled_job_type.scheduled_job_type.run_scheduled_jo..., kwargs={'job_type': 'frappe.monitor.flush'}, method='frappe.core.doctype.scheduled_job_type.scheduled_job_type.run_scheduled_jo..., site='program', user='Administrator') (program::scheduled_job::frappe.monitor.flush)
2026-07-30 07:58:18,051 home-kailai-demo:default: Job OK (program::scheduled_job::frappe.monitor.flush)
2026-07-30 07:58:18,051 Result is kept for 600 seconds
2026-07-30 08:00:19,258 home-kailai-demo:default: frappe.utils.background_jobs.execute_job(event=None, is_async=True, job_name='frappe.core.doctype.scheduled_job_type.scheduled_job_type.run_scheduled_jo..., kwargs={'job_type': 'frappe.deferred_insert.save_to_db'}, method='frappe.core.doctype.scheduled_job_type.scheduled_job_type.run_scheduled_jo..., site='program', user='Administrator') (program::scheduled_job::frappe.deferred_insert.save_to_db)
2026-07-30 08:00:19,664 home-kailai-demo:default: Job OK (program::scheduled_job::frappe.deferred_insert.save_to_db)
2026-07-30 08:00:19,664 Result is kept for 600 seconds
2026-07-30 08:00:19,670 home-kailai-demo:default: frappe.utils.background_jobs.execute_job(event=None, is_async=True, job_name='frappe.core.doctype.scheduled_job_type.scheduled_job_type.run_scheduled_jo..., kwargs={'job_type': 'frappe.email.doctype.email_account.email_account.notify_unrep..., method='frappe.core.doctype.scheduled_job_type.scheduled_job_type.run_scheduled_jo..., site='program', user='Administrator') (program::scheduled_job::frappe.email.doctype.email_account.email_account.notify_unreplied)
2026-07-30 08:00:20,026 home-kailai-demo:default: Job OK (program::scheduled_job::frappe.email.doctype.email_account.email_account.notify_unreplied)
2026-07-30 08:00:20,026 Result is kept for 600 seconds
2026-07-30 08:00:20,030 home-kailai-demo:default: frappe.utils.background_jobs.execute_job(event=None, is_async=True, job_name='frappe.core.doctype.scheduled_job_type.scheduled_job_type.run_scheduled_jo..., kwargs={'job_type': 'frappe.utils.telemetry.pulse.client.send_queued_events'}, method='frappe.core.doctype.scheduled_job_type.scheduled_job_type.run_scheduled_jo..., site='program', user='Administrator') (program::scheduled_job::frappe.utils.telemetry.pulse.client.send_queued_events)
2026-07-30 08:00:20,385 home-kailai-demo:default: Job OK (program::scheduled_job::frappe.utils.telemetry.pulse.client.send_queued_events)
2026-07-30 08:00:20,385 Result is kept for 600 seconds
2026-07-30 08:00:20,390 home-kailai-demo:default: frappe.utils.background_jobs.execute_job(event=None, is_async=True, job_name='frappe.core.doctype.scheduled_job_type.scheduled_job_type.run_scheduled_jo..., kwargs={'job_type': 'frappe.search.sqlite_search.build_index_if_not_exists'}, method='frappe.core.doctype.scheduled_job_type.scheduled_job_type.run_scheduled_jo..., site='program', user='Administrator') (program::scheduled_job::frappe.search.sqlite_search.build_index_if_not_exists)
2026-07-30 08:00:20,751 home-kailai-demo:default: Job OK (program::scheduled_job::frappe.search.sqlite_search.build_index_if_not_exists)
2026-07-30 08:00:20,751 Result is kept for 600 seconds
2026-07-30 08:00:20,755 home-kailai-demo:default: frappe.utils.background_jobs.execute_job(event=None, is_async=True, job_name='frappe.core.doctype.scheduled_job_type.scheduled_job_type.run_scheduled_jo..., kwargs={'job_type': 'frappe.model.utils.link_count.update_link_count'}, method='frappe.core.doctype.scheduled_job_type.scheduled_job_type.run_scheduled_jo..., site='program', user='Administrator') (program::scheduled_job::frappe.model.utils.link_count.update_link_count)
2026-07-30 08:00:21,093 home-kailai-demo:default: Job OK (program::scheduled_job::frappe.model.utils.link_count.update_link_count)
2026-07-30 08:00:21,093 Result is kept for 600 seconds
2026-07-30 08:00:21,098 home-kailai-demo:default: frappe.utils.background_jobs.execute_job(event=None, is_async=True, job_name='frappe.core.doctype.scheduled_job_type.scheduled_job_type.run_scheduled_jo..., kwargs={'job_type': 'frappe.utils.global_search.sync_global_search'}, method='frappe.core.doctype.scheduled_job_type.scheduled_job_type.run_scheduled_jo..., site='program', user='Administrator') (program::scheduled_job::frappe.utils.global_search.sync_global_search)
2026-07-30 08:00:21,441 home-kailai-demo:default: Job OK (program::scheduled_job::frappe.utils.global_search.sync_global_search)
2026-07-30 08:00:21,441 Result is kept for 600 seconds
2026-07-30 08:00:21,445 home-kailai-demo:default: frappe.utils.background_jobs.execute_job(event=None, is_async=True, job_name='frappe.core.doctype.scheduled_job_type.scheduled_job_type.run_scheduled_jo..., kwargs={'job_type': 'frappe.automation.doctype.reminder.reminder.send_reminders'}, method='frappe.core.doctype.scheduled_job_type.scheduled_job_type.run_scheduled_jo..., site='program', user='Administrator') (program::scheduled_job::frappe.automation.doctype.reminder.reminder.send_reminders)
2026-07-30 08:00:21,806 home-kailai-demo:default: Job OK (program::scheduled_job::frappe.automation.doctype.reminder.reminder.send_reminders)
2026-07-30 08:00:21,807 Result is kept for 600 seconds
2026-07-30 08:00:21,815 home-kailai-demo:default: frappe.utils.background_jobs.execute_job(event=None, is_async=True, job_name='frappe.core.doctype.scheduled_job_type.scheduled_job_type.run_scheduled_jo..., kwargs={'job_type': 'frappe.email.doctype.email_account.email_account.pull'}, method='frappe.core.doctype.scheduled_job_type.scheduled_job_type.run_scheduled_jo..., site='program', user='Administrator') (program::scheduled_job::frappe.email.doctype.email_account.email_account.pull)
2026-07-30 08:00:22,196 home-kailai-demo:default: Job OK (program::scheduled_job::frappe.email.doctype.email_account.email_account.pull)
2026-07-30 08:00:22,197 Result is kept for 600 seconds
